// Jest Snapshot v1, https://goo.gl/fbAQLP

exports[`Location List Component should render correctly with a few routes 1`] = `
<div
  style={
    Object {
      "overflowY": "auto",
    }
  }
>
  <DataList
    aria-label="simple-item1"
    className=""
  >
    <Location
      description={null}
      id={1}
      key="1"
      removeDisabled={true}
      removeHandler={[MockFunction]}
      selectHandler={[MockFunction]}
    />
    <Location
      description={null}
      id={2}
      key="2"
      removeDisabled={false}
      removeHandler={[MockFunction]}
      selectHandler={[MockFunction]}
    />
    <Location
      description={null}
      id={3}
      key="3"
      removeDisabled={false}
      removeHandler={[MockFunction]}
      selectHandler={[MockFunction]}
    />
  </DataList>
</div>
`;

exports[`Location List Component should render correctly with no routes 1`] = `
<DataList
  aria-label="empty location list"
  className=""
>
  <Bullseye
    className=""
    component="div"
  >
    No locations
  </Bullseye>
</DataList>
`;
